###########################
##      By UltimaIX      ##
## (aka Yrenwick Dragon) ##
###########################
overrideid 506
overridemintime 5
overridemaxtime 10
##
*|earthelemental|dullcopperelemental|yomotsuwarrior|yomotsupriest|||16|56|-1|4|5|20|30|30|1|2|2|1|1|0|0
*|earthelemental|dullcopperelemental|yomotsuwarrior|yomotsupriest|||25|19|-1|4|5|20|30|30|1|1|1|2|2|0|0
*|earthelemental|dullcopperelemental|yomotsuwarrior|yomotsupriest|||71|29|-1|4|5|20|30|30|1|2|2|1|1|0|0
*|earthelemental|dullcopperelemental|yomotsuwarrior|yomotsupriest|||54|67|-1|4|5|20|30|30|1|1|1|2|2|0|0
*|earthelemental|dullcopperelemental|yomotsuwarrior|yomotsupriest|||83|114|-1|4|5|20|30|30|1|2|2|1|1|0|0
*|earthelemental|dullcopperelemental|yomotsuwarrior|yomotsupriest|||102|84|-1|4|5|20|30|30|1|1|1|2|2|0|0
*|earthelemental|dullcopperelemental|yomotsuwarrior|yomotsupriest|||116|61|-1|4|5|20|30|30|1|2|2|1|1|0|0
*|earthelemental|dullcopperelemental|yomotsuwarrior|yomotsupriest|||111|20|-1|4|5|20|30|30|1|1|1|2|2|0|0
*|FireBeetle||||||107|23|-1|4|5|10|5|5|1|1|0|0|0|0|0
