##############
## By Nerun ##
##############
overrideid 118
overridemap 2
overridemintime 5
overridemaxtime 10
*|DeepSeaSerpent:SeaSerpent:WaterElemental:Kraken|Dolphin|SeaHorse||||1395|3421|-5|2|5|10|175|175|1|15|6|1|0|0|0
*|DeepSeaSerpent:SeaSerpent:WaterElemental:Kraken|Dolphin|SeaHorse||||4888|375|-5|2|5|10|175|175|1|15|6|1|0|0|0
*|DeepSeaSerpent:SeaSerpent:WaterElemental:Kraken|Dolphin|SeaHorse||||4352|215|-5|2|5|10|175|175|1|15|6|1|0|0|0
*|DeepSeaSerpent:SeaSerpent:WaterElemental:Kraken|Dolphin|SeaHorse||||3688|439|-5|2|5|10|175|175|1|15|6|1|0|0|0
*|DeepSeaSerpent:SeaSerpent:WaterElemental:Kraken|Dolphin|SeaHorse||||4512|583|-5|2|5|10|175|175|1|15|6|1|0|0|0
*|DeepSeaSerpent:SeaSerpent:WaterElemental:Kraken|Dolphin|SeaHorse||||4904|759|-5|2|5|10|175|175|1|15|6|1|0|0|0
*|DeepSeaSerpent:SeaSerpent:WaterElemental:Kraken|Dolphin|SeaHorse||||4904|1127|-5|2|5|10|175|175|1|15|6|1|0|0|0
*|DeepSeaSerpent:SeaSerpent:WaterElemental:Kraken|Dolphin|SeaHorse||||3576|823|-5|2|5|10|175|175|1|15|6|1|0|0|0
*|DeepSeaSerpent:SeaSerpent:WaterElemental:Kraken|Dolphin|SeaHorse||||4016|1031|-5|2|5|10|175|175|1|15|6|1|0|0|0
*|DeepSeaSerpent:SeaSerpent:WaterElemental:Kraken|Dolphin|SeaHorse||||3992|1447|-5|2|5|10|175|175|1|15|6|1|0|0|0
*|DeepSeaSerpent:SeaSerpent:WaterElemental:Kraken|Dolphin|SeaHorse||||4232|1655|-5|2|5|10|175|175|1|15|6|1|0|0|0
*|DeepSeaSerpent:SeaSerpent:WaterElemental:Kraken|Dolphin|SeaHorse||||4600|1751|-5|2|5|10|175|175|1|15|6|1|0|0|0
*|DeepSeaSerpent:SeaSerpent:WaterElemental:Kraken|Dolphin|SeaHorse||||4896|1519|-5|2|5|10|175|175|1|15|6|1|0|0|0
*|DeepSeaSerpent:SeaSerpent:WaterElemental:Kraken|Dolphin|SeaHorse||||3616|1807|-5|2|5|10|175|175|1|15|6|1|0|0|0
*|DeepSeaSerpent:SeaSerpent:WaterElemental:Kraken|Dolphin|SeaHorse||||4032|2039|-5|2|5|10|175|175|1|15|6|1|0|0|0
*|DeepSeaSerpent:SeaSerpent:WaterElemental:Kraken|Dolphin|SeaHorse||||4624|2199|-5|2|5|10|175|175|1|15|6|1|0|0|0
*|DeepSeaSerpent:SeaSerpent:WaterElemental:Kraken|Dolphin|SeaHorse||||4400|2527|-5|2|5|10|175|175|1|15|6|1|0|0|0
*|DeepSeaSerpent:SeaSerpent:WaterElemental:Kraken|Dolphin|SeaHorse||||3984|2423|-5|2|5|10|175|175|1|15|6|1|0|0|0
*|DeepSeaSerpent:SeaSerpent:WaterElemental:Kraken|Dolphin|SeaHorse||||4896|2119|-5|2|5|10|175|175|1|15|6|1|0|0|0
*|DeepSeaSerpent:SeaSerpent:WaterElemental:Kraken|Dolphin|SeaHorse||||4912|2471|-5|2|5|10|175|175|1|15|6|1|0|0|0
*|DeepSeaSerpent:SeaSerpent:WaterElemental:Kraken|Dolphin|SeaHorse||||4864|2831|-5|2|5|10|175|175|1|15|6|1|0|0|0
*|DeepSeaSerpent:SeaSerpent:WaterElemental:Kraken|Dolphin|SeaHorse||||4536|2847|-5|2|5|10|175|175|1|15|6|1|0|0|0
*|DeepSeaSerpent:SeaSerpent:WaterElemental:Kraken|Dolphin|SeaHorse||||4896|3215|-5|2|5|10|175|175|1|15|6|1|0|0|0
*|DeepSeaSerpent:SeaSerpent:WaterElemental:Kraken|Dolphin|SeaHorse||||4192|2975|-5|2|5|10|175|175|1|15|6|1|0|0|0
*|DeepSeaSerpent:SeaSerpent:WaterElemental:Kraken|Dolphin|SeaHorse||||4008|2767|-5|2|5|10|175|175|1|15|6|1|0|0|0
*|DeepSeaSerpent:SeaSerpent:WaterElemental:Kraken|Dolphin|SeaHorse||||3328|2063|-5|2|5|10|175|175|1|15|6|1|0|0|0
*|DeepSeaSerpent:SeaSerpent:WaterElemental:Kraken|Dolphin|SeaHorse||||3176|2383|-5|2|5|10|175|175|1|15|6|1|0|0|0
*|DeepSeaSerpent:SeaSerpent:WaterElemental:Kraken|Dolphin|SeaHorse||||3088|2759|-5|2|5|10|175|175|1|15|6|1|0|0|0
*|DeepSeaSerpent:SeaSerpent:WaterElemental:Kraken|Dolphin|SeaHorse||||3888|3167|-5|2|5|10|175|175|1|15|6|1|0|0|0
*|DeepSeaSerpent:SeaSerpent:WaterElemental:Kraken|Dolphin|SeaHorse||||4152|3415|-5|2|5|10|175|175|1|15|6|1|0|0|0
*|DeepSeaSerpent:SeaSerpent:WaterElemental:Kraken|Dolphin|SeaHorse||||3968|3895|-5|2|5|10|175|175|1|15|6|1|0|0|0
*|DeepSeaSerpent:SeaSerpent:WaterElemental:Kraken|Dolphin|SeaHorse||||3240|3151|-5|2|5|10|175|175|1|15|6|1|0|0|0
*|DeepSeaSerpent:SeaSerpent:WaterElemental:Kraken|Dolphin|SeaHorse||||3776|3519|-5|2|5|10|175|175|1|15|6|1|0|0|0
*|DeepSeaSerpent:SeaSerpent:WaterElemental:Kraken|Dolphin|SeaHorse||||3344|3479|-5|2|5|10|175|175|1|15|6|1|0|0|0
*|DeepSeaSerpent:SeaSerpent:WaterElemental:Kraken|Dolphin|SeaHorse||||2792|2951|-5|2|5|10|175|175|1|15|6|1|0|0|0
*|DeepSeaSerpent:SeaSerpent:WaterElemental:Kraken|Dolphin|SeaHorse||||2608|3295|-5|2|5|10|175|175|1|15|6|1|0|0|0
*|DeepSeaSerpent:SeaSerpent:WaterElemental:Kraken|Dolphin|SeaHorse||||2744|2567|-5|2|5|10|175|175|1|15|6|1|0|0|0
*|DeepSeaSerpent:SeaSerpent:WaterElemental:Kraken|Dolphin|SeaHorse||||2368|2799|-5|2|5|10|175|175|1|15|6|1|0|0|0
*|DeepSeaSerpent:SeaSerpent:WaterElemental:Kraken|Dolphin|SeaHorse||||3560|3871|-5|2|5|10|175|175|1|15|6|1|0|0|0
*|DeepSeaSerpent:SeaSerpent:WaterElemental:Kraken|Dolphin|SeaHorse||||3168|3871|-5|2|5|10|175|175|1|15|6|1|0|0|0
*|DeepSeaSerpent:SeaSerpent:WaterElemental:Kraken|Dolphin|SeaHorse||||2768|3847|-5|2|5|10|175|175|1|15|6|1|0|0|0
*|DeepSeaSerpent:SeaSerpent:WaterElemental:Kraken|Dolphin|SeaHorse||||1720|3879|-5|2|5|10|175|175|1|15|6|1|0|0|0
*|DeepSeaSerpent:SeaSerpent:WaterElemental:Kraken|Dolphin|SeaHorse||||200|3879|-5|2|5|10|175|175|1|15|6|1|0|0|0
*|DeepSeaSerpent:SeaSerpent:WaterElemental:Kraken|Dolphin|SeaHorse||||544|3719|-5|2|5|10|175|175|1|15|6|1|0|0|0
*|DeepSeaSerpent:SeaSerpent:WaterElemental:Kraken|Dolphin|SeaHorse||||896|3695|-5|2|5|10|175|175|1|15|6|1|0|0|0
*|DeepSeaSerpent:SeaSerpent:WaterElemental:Kraken|Dolphin|SeaHorse||||824|3287|-5|2|5|10|175|175|1|15|6|1|0|0|0
*|DeepSeaSerpent:SeaSerpent:WaterElemental:Kraken|Dolphin|SeaHorse||||176|3551|-5|2|5|10|175|175|1|15|6|1|0|0|0
*|DeepSeaSerpent:SeaSerpent:WaterElemental:Kraken|Dolphin|SeaHorse||||480|3351|-5|2|5|10|175|175|1|15|6|1|0|0|0
*|DeepSeaSerpent:SeaSerpent:WaterElemental:Kraken|Dolphin|SeaHorse||||512|2919|-5|2|5|10|175|175|1|15|6|1|0|0|0
*|DeepSeaSerpent:SeaSerpent:WaterElemental:Kraken|Dolphin|SeaHorse||||192|2895|-5|2|5|10|175|175|1|15|6|1|0|0|0
*|DeepSeaSerpent:SeaSerpent:WaterElemental:Kraken|Dolphin|SeaHorse||||208|2503|-5|2|5|10|175|175|1|15|6|1|0|0|0
*|DeepSeaSerpent:SeaSerpent:WaterElemental:Kraken|Dolphin|SeaHorse||||840|2863|-5|2|5|10|175|175|1|15|6|1|0|0|0
*|DeepSeaSerpent:SeaSerpent:WaterElemental:Kraken|Dolphin|SeaHorse||||600|2511|-5|2|5|10|175|175|1|15|6|1|0|0|0
*|DeepSeaSerpent:SeaSerpent:WaterElemental:Kraken|Dolphin|SeaHorse||||200|2103|-5|2|5|10|175|175|1|15|6|1|0|0|0
*|DeepSeaSerpent:SeaSerpent:WaterElemental:Kraken|Dolphin|SeaHorse||||168|1743|-5|2|5|10|175|175|1|15|6|1|0|0|0
*|DeepSeaSerpent:SeaSerpent:WaterElemental:Kraken|Dolphin|SeaHorse||||200|559|-5|2|5|10|175|175|1|15|6|1|0|0|0
*|DeepSeaSerpent:SeaSerpent:WaterElemental:Kraken|Dolphin|SeaHorse||||184|191|-5|2|5|10|175|175|1|15|6|1|0|0|0
*|DeepSeaSerpent:SeaSerpent:WaterElemental:Kraken|Dolphin|SeaHorse||||592|223|-5|2|5|10|175|175|1|15|6|1|0|0|0
*|DeepSeaSerpent:SeaSerpent:WaterElemental:Kraken|Dolphin|SeaHorse||||496|527|-5|2|5|10|175|175|1|15|6|1|0|0|0
*|DeepSeaSerpent:SeaSerpent:WaterElemental:Kraken|Dolphin|SeaHorse||||2400|2399|-5|2|5|10|175|175|1|15|6|1|0|0|0
*|DeepSeaSerpent:SeaSerpent:WaterElemental:Kraken|Dolphin|SeaHorse||||3008|1895|-5|2|5|10|175|175|1|15|6|1|0|0|0
*|DeepSeaSerpent:SeaSerpent:WaterElemental:Kraken|Dolphin|SeaHorse||||2392|2031|-5|2|5|10|175|175|1|15|6|1|0|0|0
*|DeepSeaSerpent:SeaSerpent:WaterElemental:Kraken|Dolphin|SeaHorse||||2624|1775|-5|2|5|10|175|175|1|15|6|1|0|0|0
*|DeepSeaSerpent:SeaSerpent:WaterElemental:Kraken|Dolphin|SeaHorse||||3408|1407|-5|2|5|10|175|175|1|15|6|1|0|0|0
*|DeepSeaSerpent:SeaSerpent:WaterElemental:Kraken|Dolphin|SeaHorse||||3256|1031|-5|2|5|10|175|175|1|15|6|1|0|0|0
*|DeepSeaSerpent:SeaSerpent:WaterElemental:Kraken|Dolphin|SeaHorse||||2952|1239|-5|2|5|10|175|175|1|15|6|1|0|0|0
*|DeepSeaSerpent:SeaSerpent:WaterElemental:Kraken|Dolphin|SeaHorse||||2752|1455|-5|2|5|10|175|175|1|15|6|1|0|0|0
*|DeepSeaSerpent:SeaSerpent:WaterElemental:Kraken|Dolphin|SeaHorse||||2208|1703|-5|2|5|10|175|175|1|15|6|1|0|0|0
*|DeepSeaSerpent:SeaSerpent:WaterElemental:Kraken|Dolphin|SeaHorse||||1866|1798|-5|2|5|10|175|175|1|15|6|1|0|0|0
##
*|DeepSeaSerpent:SeaSerpent:WaterElemental:Kraken|Dolphin|SeaHorse||||931|141|-5|2|5|10|130|130|1|13|4|1|0|0|0
*|DeepSeaSerpent:SeaSerpent:WaterElemental:Kraken|Dolphin|SeaHorse||||3267|1717|-5|2|5|10|130|130|1|13|4|1|0|0|0
*|DeepSeaSerpent:SeaSerpent:WaterElemental:Kraken|Dolphin|SeaHorse||||2395|1405|-5|2|5|10|130|130|1|13|4|1|0|0|0
*|DeepSeaSerpent:SeaSerpent:WaterElemental:Kraken|Dolphin|SeaHorse||||139|1173|-5|2|5|10|130|130|1|13|4|1|0|0|0
##
*|DeepSeaSerpent:SeaSerpent:WaterElemental:Kraken|Dolphin|SeaHorse||||3123|1485|-5|2|5|10|100|100|1|10|2|1|0|0|0
*|DeepSeaSerpent:SeaSerpent:WaterElemental:Kraken|Dolphin|SeaHorse||||3811|109|-5|2|5|10|100|100|1|10|2|1|0|0|0
*|DeepSeaSerpent:SeaSerpent:WaterElemental:Kraken|Dolphin|SeaHorse||||3931|1757|-5|2|5|10|100|100|1|10|2|1|0|0|0
*|DeepSeaSerpent:SeaSerpent:WaterElemental:Kraken|Dolphin|SeaHorse||||2931|3245|-5|2|5|10|100|100|1|10|2|1|0|0|0
*|DeepSeaSerpent:SeaSerpent:WaterElemental:Kraken|Dolphin|SeaHorse||||2291|3181|-5|2|5|10|100|100|1|10|2|1|0|0|0
*|DeepSeaSerpent:SeaSerpent:WaterElemental:Kraken|Dolphin|SeaHorse||||979|3997|-5|2|5|10|100|100|1|10|2|1|0|0|0
*|DeepSeaSerpent:SeaSerpent:WaterElemental:Kraken|Dolphin|SeaHorse||||147|3213|-5|2|5|10|100|100|1|10|2|1|0|0|0
*|DeepSeaSerpent:SeaSerpent:WaterElemental:Kraken|Dolphin|SeaHorse||||1891|3597|-5|2|5|10|100|100|1|10|2|1|0|0|0
*|DeepSeaSerpent:SeaSerpent:WaterElemental:Kraken|Dolphin|SeaHorse||||2971|1605|-5|2|5|10|100|100|1|10|2|1|0|0|0
*|DeepSeaSerpent:SeaSerpent:WaterElemental:Kraken|Dolphin|SeaHorse||||1580|75|-5|2|5|10|100|100|1|10|2|1|0|0|0
*|DeepSeaSerpent:SeaSerpent:WaterElemental:Kraken|Dolphin|SeaHorse||||4275|1309|-5|2|5|10|100|100|1|10|2|1|0|0|0
*|DeepSeaSerpent:SeaSerpent:WaterElemental:Kraken|Dolphin|SeaHorse||||4667|109|-5|2|5|10|100|100|1|10|2|1|0|0|0
*|DeepSeaSerpent:SeaSerpent:WaterElemental:Kraken|Dolphin|SeaHorse||||5003|101|-5|2|5|10|100|100|1|10|2|1|0|0|0
*|DeepSeaSerpent:SeaSerpent:WaterElemental:Kraken|Dolphin|SeaHorse||||3603|125|-5|2|5|10|100|100|1|10|2|1|0|0|0
*|DeepSeaSerpent:SeaSerpent:WaterElemental:Kraken|Dolphin|SeaHorse||||4112|791|-5|2|5|10|100|100|1|10|2|1|0|0|0
*|DeepSeaSerpent:SeaSerpent:WaterElemental:Kraken|Dolphin|SeaHorse||||3891|733|-5|2|5|10|100|100|1|10|2|1|0|0|0
*|DeepSeaSerpent:SeaSerpent:WaterElemental:Kraken|Dolphin|SeaHorse||||3672|1535|-5|2|5|10|100|100|1|10|2|1|0|0|0
*|DeepSeaSerpent:SeaSerpent:WaterElemental:Kraken|Dolphin|SeaHorse||||4363|1981|-5|2|5|10|100|100|1|10|2|1|0|0|0
*|DeepSeaSerpent:SeaSerpent:WaterElemental:Kraken|Dolphin|SeaHorse||||4995|1829|-5|2|5|10|100|100|1|10|2|1|0|0|0
*|DeepSeaSerpent:SeaSerpent:WaterElemental:Kraken|Dolphin|SeaHorse||||4283|2221|-5|2|5|10|100|100|1|10|2|1|0|0|0
*|DeepSeaSerpent:SeaSerpent:WaterElemental:Kraken|Dolphin|SeaHorse||||2008|4007|-5|2|5|10|100|100|1|10|2|1|0|0|0
*|DeepSeaSerpent:SeaSerpent:WaterElemental:Kraken|Dolphin|SeaHorse||||2320|4007|-5|2|5|10|100|100|1|10|2|1|0|0|0
*|DeepSeaSerpent:SeaSerpent:WaterElemental:Kraken|Dolphin|SeaHorse||||4955|3997|-5|2|5|10|100|100|1|10|2|1|0|0|0
*|DeepSeaSerpent:SeaSerpent:WaterElemental:Kraken|Dolphin|SeaHorse||||4731|3997|-5|2|5|10|100|100|1|10|2|1|0|0|0
*|DeepSeaSerpent:SeaSerpent:WaterElemental:Kraken|Dolphin|SeaHorse||||4307|3965|-5|2|5|10|100|100|1|10|2|1|0|0|0
*|DeepSeaSerpent:SeaSerpent:WaterElemental:Kraken|Dolphin|SeaHorse||||2227|3533|-5|2|5|10|100|100|1|10|2|1|0|0|0
*|DeepSeaSerpent:SeaSerpent:WaterElemental:Kraken|Dolphin|SeaHorse||||1187|3885|-5|2|5|10|100|100|1|10|2|1|0|0|0
*|DeepSeaSerpent:SeaSerpent:WaterElemental:Kraken|Dolphin|SeaHorse||||731|3989|-5|2|5|10|100|100|1|10|2|1|0|0|0
*|DeepSeaSerpent:SeaSerpent:WaterElemental:Kraken|Dolphin|SeaHorse||||491|4013|-5|2|5|10|100|100|1|10|2|1|0|0|0
*|DeepSeaSerpent:SeaSerpent:WaterElemental:Kraken|Dolphin|SeaHorse||||107|909|-5|2|5|10|100|100|1|10|2|1|0|0|0
*|DeepSeaSerpent:SeaSerpent:WaterElemental:Kraken|Dolphin|SeaHorse||||1792|79|-5|2|5|10|100|100|1|10|2|1|0|0|0
*|DeepSeaSerpent:SeaSerpent:WaterElemental:Kraken|Dolphin|SeaHorse||||1336|79|-5|2|5|10|100|100|1|10|2|1|0|0|0
*|DeepSeaSerpent:SeaSerpent:WaterElemental:Kraken|Dolphin|SeaHorse||||4048|63|-5|2|5|10|100|100|1|10|2|1|0|0|0
*|DeepSeaSerpent:SeaSerpent:WaterElemental:Kraken|Dolphin|SeaHorse||||4392|823|-5|2|5|10|100|100|1|10|2|1|0|0|0
*|DeepSeaSerpent:SeaSerpent:WaterElemental:Kraken|Dolphin|SeaHorse||||3520|2263|-5|2|5|10|100|100|1|10|2|1|0|0|0
*|DeepSeaSerpent:SeaSerpent:WaterElemental:Kraken|Dolphin|SeaHorse||||3568|3215|-5|2|5|10|100|100|1|10|2|1|0|0|0
*|DeepSeaSerpent:SeaSerpent:WaterElemental:Kraken|Dolphin|SeaHorse||||4992|3791|-5|2|5|10|100|100|1|10|2|1|0|0|0
*|DeepSeaSerpent:SeaSerpent:WaterElemental:Kraken|Dolphin|SeaHorse||||4984|3567|-5|2|5|10|100|100|1|10|2|1|0|0|0
*|DeepSeaSerpent:SeaSerpent:WaterElemental:Kraken|Dolphin|SeaHorse||||2072|2527|-5|2|5|10|100|100|1|10|2|1|0|0|0
*|DeepSeaSerpent:SeaSerpent:WaterElemental:Kraken|Dolphin|SeaHorse||||2040|3751|-5|2|5|10|100|100|1|10|2|1|0|0|0
*|DeepSeaSerpent:SeaSerpent:WaterElemental:Kraken|Dolphin|SeaHorse||||2288|3767|-5|2|5|10|100|100|1|10|2|1|0|0|0
*|DeepSeaSerpent:SeaSerpent:WaterElemental:Kraken|Dolphin|SeaHorse||||496|1879|-5|2|5|10|100|100|1|10|2|1|0|0|0