##############
## By Nerun ##
##############
overrideid 126
overridemap 2
overridemintime 5
overridemaxtime 10
*|Boar:Cougar:Goat:Horse:Panther:Pig:Sheep|BlackBear:GrizzlyBear:BrownBear:TimberWolf:GreyWolf|WanderingHealer|Bird:Eagle|GreatHart:Hind|Bull:Cow|4612|3424|0|2|5|10|50|50|126|7|5|1|2|2|2
*|Boar:Cougar:Goat:Horse:Panther:Pig:Sheep|BlackBear:GrizzlyBear:BrownBear:TimberWolf:GreyWolf|WanderingHealer|Bird:Eagle|GreatHart:Hind|Bull:Cow|4682|3662|77|2|5|10|50|50|126|7|5|1|2|2|2
*|Boar:Cougar:Goat:Horse:Panther:Pig:Sheep|BlackBear:GrizzlyBear:BrownBear:TimberWolf:GreyWolf|WanderingHealer|Bird:Eagle|GreatHart:Hind|Bull:Cow|4446|3706|0|2|5|10|50|50|126|7|5|1|2|2|2
*|Boar:Cougar:Goat:Horse:Panther:Pig:Sheep|BlackBear:GrizzlyBear:BrownBear:TimberWolf:GreyWolf|WanderingHealer|Bird:Eagle|GreatHart:Hind|Bull:Cow|3232|510|0|2|5|10|50|50|126|7|5|1|2|2|2
*|Boar:Cougar:Goat:Horse:Panther:Pig:Sheep|BlackBear:GrizzlyBear:BrownBear:TimberWolf:GreyWolf|WanderingHealer|Bird:Eagle|GreatHart:Hind|Bull:Cow|4560|3504|2|2|5|10|50|50|126|7|5|1|2|2|2
*|Boar:Cougar:Goat:Horse:Panther:Pig:Sheep|BlackBear:GrizzlyBear:BrownBear:TimberWolf:GreyWolf|WanderingHealer|Bird:Eagle|GreatHart:Hind|Bull:Cow|4692|3494|1|2|5|10|50|50|126|7|5|1|2|2|2
*|Boar:Cougar:Goat:Horse:Panther:Pig:Sheep|BlackBear:GrizzlyBear:BrownBear:TimberWolf:GreyWolf|WanderingHealer|Bird:Eagle|GreatHart:Hind|Bull:Cow|4478|3218|0|2|5|10|50|50|126|7|5|1|2|2|2
*|Boar:Cougar:Goat:Horse:Panther:Pig:Sheep|BlackBear:GrizzlyBear:BrownBear:TimberWolf:GreyWolf|WanderingHealer|Bird:Eagle|GreatHart:Hind|Bull:Cow|3394|628|5|2|5|10|50|50|126|7|5|1|2|2|2
*|Boar:Cougar:Goat:Horse:Panther:Pig:Sheep|BlackBear:GrizzlyBear:BrownBear:TimberWolf:GreyWolf|WanderingHealer|Bird:Eagle|GreatHart:Hind|Bull:Cow|3650|2080|21|2|5|10|50|50|126|7|5|1|2|2|2
*|Boar:Cougar:Goat:Horse:Panther:Pig:Sheep|BlackBear:GrizzlyBear:BrownBear:TimberWolf:GreyWolf|WanderingHealer|Bird:Eagle|GreatHart:Hind|Bull:Cow|3608|2140|79|2|5|10|50|50|126|7|5|1|2|2|2
*|Boar:Cougar:Goat:Horse:Panther:Pig:Sheep|BlackBear:GrizzlyBear:BrownBear:TimberWolf:GreyWolf|WanderingHealer|Bird:Eagle|GreatHart:Hind|Bull:Cow|4384|1218|0|2|5|10|50|50|126|7|5|1|2|2|2
*|Boar:Cougar:Goat:Horse:Panther:Pig:Sheep|BlackBear:GrizzlyBear:BrownBear:TimberWolf:GreyWolf|WanderingHealer|Bird:Eagle|GreatHart:Hind|Bull:Cow|4468|1006|0|2|5|10|50|50|126|7|5|1|2|2|2
*|Boar:Cougar:Goat:Horse:Panther:Pig:Sheep|BlackBear:GrizzlyBear:BrownBear:TimberWolf:GreyWolf|WanderingHealer|Bird:Eagle|GreatHart:Hind|Bull:Cow|4326|1046|8|2|5|10|50|50|126|7|5|1|2|2|2
*|Boar:Cougar:Goat:Horse:Panther:Pig:Sheep|BlackBear:GrizzlyBear:BrownBear:TimberWolf:GreyWolf|WanderingHealer|Bird:Eagle|GreatHart:Hind|Bull:Cow|4544|1128|0|2|5|10|50|50|126|7|5|1|2|2|2
*|Boar:Cougar:Goat:Horse:Panther:Pig:Sheep|BlackBear:GrizzlyBear:BrownBear:TimberWolf:GreyWolf|WanderingHealer|Bird:Eagle|GreatHart:Hind|Bull:Cow|4510|1262|0|2|5|10|50|50|126|7|5|1|2|2|2
*|Boar:Cougar:Goat:Horse:Panther:Pig:Sheep|BlackBear:GrizzlyBear:BrownBear:TimberWolf:GreyWolf|WanderingHealer|Bird:Eagle|GreatHart:Hind|Bull:Cow|4590|1326|8|2|5|10|50|50|126|7|5|1|2|2|2
*|Boar:Cougar:Goat:Horse:Panther:Pig:Sheep|BlackBear:GrizzlyBear:BrownBear:TimberWolf:GreyWolf|WanderingHealer|Bird:Eagle|GreatHart:Hind|Bull:Cow|4526|986|10|2|5|10|50|50|126|7|5|1|2|2|2
*|Boar:Cougar:Goat:Horse:Panther:Pig:Sheep|BlackBear:GrizzlyBear:BrownBear:TimberWolf:GreyWolf|WanderingHealer|Bird:Eagle|GreatHart:Hind|Bull:Cow|4336|1130|0|2|5|10|50|50|126|7|5|1|2|2|2
*|Boar:Cougar:Goat:Horse:Panther:Pig:Sheep|BlackBear:GrizzlyBear:BrownBear:TimberWolf:GreyWolf|WanderingHealer|Bird:Eagle|GreatHart:Hind|Bull:Cow|4448|1334|3|2|5|10|50|50|126|7|5|1|2|2|2
*|Boar:Cougar:Goat:Horse:Panther:Pig:Sheep|BlackBear:GrizzlyBear:BrownBear:TimberWolf:GreyWolf|WanderingHealer|Bird:Eagle|GreatHart:Hind|Bull:Cow|4540|1454|8|2|5|10|50|50|126|7|5|1|2|2|2
*|Boar:Cougar:Goat:Horse:Panther:Pig:Sheep|BlackBear:GrizzlyBear:BrownBear:TimberWolf:GreyWolf|WanderingHealer|Bird:Eagle|GreatHart:Hind|Bull:Cow|4632|1164|0|2|5|10|50|50|126|7|5|1|2|2|2
*|Boar:Cougar:Goat:Horse:Panther:Pig:Sheep|BlackBear:GrizzlyBear:BrownBear:TimberWolf:GreyWolf|WanderingHealer|Bird:Eagle|GreatHart:Hind|Bull:Cow|4470|1430|8|2|5|10|50|50|126|7|5|1|2|2|2
*|Boar:Cougar:Goat:Horse:Panther:Pig:Sheep|BlackBear:GrizzlyBear:BrownBear:TimberWolf:GreyWolf|WanderingHealer|Bird:Eagle|GreatHart:Hind|Bull:Cow|4592|1424|3|2|5|10|50|50|126|7|5|1|2|2|2
*|Boar:Cougar:Goat:Horse:Panther:Pig:Sheep|BlackBear:GrizzlyBear:BrownBear:TimberWolf:GreyWolf|WanderingHealer|Bird:Eagle|GreatHart:Hind|Bull:Cow|2814|3500|0|2|5|10|50|50|126|7|5|1|2|2|2
*|Boar:Cougar:Goat:Horse:Panther:Pig:Sheep|BlackBear:GrizzlyBear:BrownBear:TimberWolf:GreyWolf|WanderingHealer|Bird:Eagle|GreatHart:Hind|Bull:Cow|2998|3590|15|2|5|10|50|50|126|7|5|1|2|2|2
*|Boar:Cougar:Goat:Horse:Panther:Pig:Sheep|BlackBear:GrizzlyBear:BrownBear:TimberWolf:GreyWolf|WanderingHealer|Bird:Eagle|GreatHart:Hind|Bull:Cow|2864|150|0|2|5|10|50|50|126|7|5|1|2|2|2
*|Boar:Cougar:Goat:Horse:Panther:Pig:Sheep|BlackBear:GrizzlyBear:BrownBear:TimberWolf:GreyWolf|WanderingHealer|Bird:Eagle|GreatHart:Hind|Bull:Cow|3292|570|0|2|5|10|50|50|126|7|5|1|2|2|2
*|Boar:Cougar:Goat:Horse:Panther:Pig:Sheep|BlackBear:GrizzlyBear:BrownBear:TimberWolf:GreyWolf|WanderingHealer|Bird:Eagle|GreatHart:Hind|Bull:Cow|3206|366|9|2|5|10|50|50|126|7|5|1|2|2|2
*|Boar:Cougar:Goat:Horse:Panther:Pig:Sheep|BlackBear:GrizzlyBear:BrownBear:TimberWolf:GreyWolf|WanderingHealer|Bird:Eagle|GreatHart:Hind|Bull:Cow|3172|664|8|2|5|10|50|50|126|7|5|1|2|2|2
*|Boar:Cougar:Goat:Horse:Panther:Pig:Sheep|BlackBear:GrizzlyBear:BrownBear:TimberWolf:GreyWolf|WanderingHealer|Bird:Eagle|GreatHart:Hind|Bull:Cow|3392|424|9|2|5|10|50|50|126|7|5|1|2|2|2
*|Boar:Cougar:Goat:Horse:Panther:Pig:Sheep|BlackBear:GrizzlyBear:BrownBear:TimberWolf:GreyWolf|WanderingHealer|Bird:Eagle|GreatHart:Hind|Bull:Cow|3076|150|1|2|5|10|50|50|126|7|5|1|2|2|2
*|Boar:Cougar:Goat:Horse:Panther:Pig:Sheep|BlackBear:GrizzlyBear:BrownBear:TimberWolf:GreyWolf|WanderingHealer|Bird:Eagle|GreatHart:Hind|Bull:Cow|3092|542|0|2|5|10|50|50|126|7|5|1|2|2|2
*|Boar:Cougar:Goat:Horse:Panther:Pig:Sheep|BlackBear:GrizzlyBear:BrownBear:TimberWolf:GreyWolf|WanderingHealer|Bird:Eagle|GreatHart:Hind|Bull:Cow|2512|1066|0|2|5|10|50|50|126|7|5|1|2|2|2
*|Boar:Cougar:Goat:Horse:Panther:Pig:Sheep|BlackBear:GrizzlyBear:BrownBear:TimberWolf:GreyWolf|WanderingHealer|Bird:Eagle|GreatHart:Hind|Bull:Cow|2554|1142|5|2|5|10|50|50|126|7|5|1|2|2|2
*|Boar:Cougar:Goat:Horse:Panther:Pig:Sheep|BlackBear:GrizzlyBear:BrownBear:TimberWolf:GreyWolf|WanderingHealer|Bird:Eagle|GreatHart:Hind|Bull:Cow|2416|1172|0|2|5|10|50|50|126|7|5|1|2|2|2
*|Boar:Cougar:Goat:Horse:Panther:Pig:Sheep|BlackBear:GrizzlyBear:BrownBear:TimberWolf:GreyWolf|WanderingHealer|Bird:Eagle|GreatHart:Hind|Bull:Cow|2188|1986|0|2|5|10|50|50|126|7|5|1|2|2|2
*|Boar:Cougar:Goat:Horse:Panther:Pig:Sheep|BlackBear:GrizzlyBear:BrownBear:TimberWolf:GreyWolf|WanderingHealer|Bird:Eagle|GreatHart:Hind|Bull:Cow|2654|2286|9|2|5|10|50|50|126|7|5|1|2|2|2
*|Boar:Cougar:Goat:Horse:Panther:Pig:Sheep|BlackBear:GrizzlyBear:BrownBear:TimberWolf:GreyWolf|WanderingHealer|Bird:Eagle|GreatHart:Hind|Bull:Cow|2946|2168|44|2|5|10|50|50|126|7|5|1|2|2|2
*|Boar:Cougar:Goat:Horse:Panther:Pig:Sheep|BlackBear:GrizzlyBear:BrownBear:TimberWolf:GreyWolf|WanderingHealer|Bird:Eagle|GreatHart:Hind|Bull:Cow|2744|2014|0|2|5|10|50|50|126|7|5|1|2|2|2
*|Boar:Cougar:Goat:Horse:Panther:Pig:Sheep|BlackBear:GrizzlyBear:BrownBear:TimberWolf:GreyWolf|WanderingHealer|Bird:Eagle|GreatHart:Hind|Bull:Cow|2786|2282|13|2|5|10|50|50|126|7|5|1|2|2|2
*|Boar:Cougar:Goat:Horse:Panther:Pig:Sheep|BlackBear:GrizzlyBear:BrownBear:TimberWolf:GreyWolf|WanderingHealer|Bird:Eagle|GreatHart:Hind|Bull:Cow|2074|1972|0|2|5|10|50|50|126|7|5|1|2|2|2
*|Boar:Cougar:Goat:Horse:Panther:Pig:Sheep|BlackBear:GrizzlyBear:BrownBear:TimberWolf:GreyWolf|WanderingHealer|Bird:Eagle|GreatHart:Hind|Bull:Cow|2122|2108|0|2|5|10|50|50|126|7|5|1|2|2|2
*|Boar:Cougar:Goat:Horse:Panther:Pig:Sheep|BlackBear:GrizzlyBear:BrownBear:TimberWolf:GreyWolf|WanderingHealer|Bird:Eagle|GreatHart:Hind|Bull:Cow|1932|3125|0|2|5|10|50|50|126|7|5|1|2|2|2
*|Boar:Cougar:Goat:Horse:Panther:Pig:Sheep|BlackBear:GrizzlyBear:BrownBear:TimberWolf:GreyWolf|WanderingHealer|Bird:Eagle|GreatHart:Hind|Bull:Cow|1824|3027|0|2|5|10|50|50|126|7|5|1|2|2|2
*|Boar:Cougar:Goat:Horse:Panther:Pig:Sheep|BlackBear:GrizzlyBear:BrownBear:TimberWolf:GreyWolf|WanderingHealer|Bird:Eagle|GreatHart:Hind|Bull:Cow|1894|2942|19|2|5|10|50|50|126|7|5|1|2|2|2
*|Boar:Cougar:Goat:Horse:Panther:Pig:Sheep|BlackBear:GrizzlyBear:BrownBear:TimberWolf:GreyWolf|WanderingHealer|Bird:Eagle|GreatHart:Hind|Bull:Cow|1222|2499|0|2|5|10|50|50|126|7|5|1|2|2|2
*|Boar:Cougar:Goat:Horse:Panther:Pig:Sheep|BlackBear:GrizzlyBear:BrownBear:TimberWolf:GreyWolf|WanderingHealer|Bird:Eagle|GreatHart:Hind|Bull:Cow|1005|2647|0|2|5|10|50|50|126|7|5|1|2|2|2
*|Boar:Cougar:Goat:Horse:Panther:Pig:Sheep|BlackBear:GrizzlyBear:BrownBear:TimberWolf:GreyWolf|WanderingHealer|Bird:Eagle|GreatHart:Hind|Bull:Cow|464|2059|8|2|5|10|50|50|126|7|5|1|2|2|2
*|Boar:Cougar:Goat:Horse:Panther:Pig:Sheep|BlackBear:GrizzlyBear:BrownBear:TimberWolf:GreyWolf|WanderingHealer|Bird:Eagle|GreatHart:Hind|Bull:Cow|559|2081|0|2|5|10|50|50|126|7|5|1|2|2|2
*|Boar:Cougar:Goat:Horse:Panther:Pig:Sheep|BlackBear:GrizzlyBear:BrownBear:TimberWolf:GreyWolf|WanderingHealer|Bird:Eagle|GreatHart:Hind|Bull:Cow|883|2129|0|2|5|10|50|50|126|7|5|1|2|2|2
*|Boar:Cougar:Goat:Horse:Panther:Pig:Sheep|BlackBear:GrizzlyBear:BrownBear:TimberWolf:GreyWolf|WanderingHealer|Bird:Eagle|GreatHart:Hind|Bull:Cow|968|2476|0|2|5|10|50|50|126|7|5|1|2|2|2
*|Boar:Cougar:Goat:Horse:Panther:Pig:Sheep|BlackBear:GrizzlyBear:BrownBear:TimberWolf:GreyWolf|WanderingHealer|Bird:Eagle|GreatHart:Hind|Bull:Cow|994|2361|0|2|5|10|50|50|126|7|5|1|2|2|2
*|Boar:Cougar:Goat:Horse:Panther:Pig:Sheep|BlackBear:GrizzlyBear:BrownBear:TimberWolf:GreyWolf|WanderingHealer|Bird:Eagle|GreatHart:Hind|Bull:Cow|964|2214|0|2|5|10|50|50|126|7|5|1|2|2|2
*|Boar:Cougar:Goat:Horse:Panther:Pig:Sheep|BlackBear:GrizzlyBear:BrownBear:TimberWolf:GreyWolf|WanderingHealer|Bird:Eagle|GreatHart:Hind|Bull:Cow|1087|2401|0|2|5|10|50|50|126|7|5|1|2|2|2
*|Boar:Cougar:Goat:Horse:Panther:Pig:Sheep|BlackBear:GrizzlyBear:BrownBear:TimberWolf:GreyWolf|WanderingHealer|Bird:Eagle|GreatHart:Hind|Bull:Cow|1222|2378|5|2|5|10|50|50|126|7|5|1|2|2|2
*|Boar:Cougar:Goat:Horse:Panther:Pig:Sheep|BlackBear:GrizzlyBear:BrownBear:TimberWolf:GreyWolf|WanderingHealer|Bird:Eagle|GreatHart:Hind|Bull:Cow|1334|2311|0|2|5|10|50|50|126|7|5|1|2|2|2
*|Boar:Cougar:Goat:Horse:Panther:Pig:Sheep|BlackBear:GrizzlyBear:BrownBear:TimberWolf:GreyWolf|WanderingHealer|Bird:Eagle|GreatHart:Hind|Bull:Cow|1315|2192|0|2|5|10|50|50|126|7|5|1|2|2|2
*|Boar:Cougar:Goat:Horse:Panther:Pig:Sheep|BlackBear:GrizzlyBear:BrownBear:TimberWolf:GreyWolf|WanderingHealer|Bird:Eagle|GreatHart:Hind|Bull:Cow|1426|2615|10|2|5|10|50|50|126|7|5|1|2|2|2
*|Boar:Cougar:Goat:Horse:Panther:Pig:Sheep|BlackBear:GrizzlyBear:BrownBear:TimberWolf:GreyWolf|WanderingHealer|Bird:Eagle|GreatHart:Hind|Bull:Cow|1527|2609|5|2|5|10|50|50|126|7|5|1|2|2|2
*|Boar:Cougar:Goat:Horse:Panther:Pig:Sheep|BlackBear:GrizzlyBear:BrownBear:TimberWolf:GreyWolf|WanderingHealer|Bird:Eagle|GreatHart:Hind|Bull:Cow|1582|2722|5|2|5|10|50|50|126|7|5|1|2|2|2
*|Boar:Cougar:Goat:Horse:Panther:Pig:Sheep|BlackBear:GrizzlyBear:BrownBear:TimberWolf:GreyWolf|WanderingHealer|Bird:Eagle|GreatHart:Hind|Bull:Cow|1650|2796|0|2|5|10|50|50|126|7|5|1|2|2|2
*|Boar:Cougar:Goat:Horse:Panther:Pig:Sheep|BlackBear:GrizzlyBear:BrownBear:TimberWolf:GreyWolf|WanderingHealer|Bird:Eagle|GreatHart:Hind|Bull:Cow|1724|2781|5|2|5|10|50|50|126|7|5|1|2|2|2
*|Boar:Cougar:Goat:Horse:Panther:Pig:Sheep|BlackBear:GrizzlyBear:BrownBear:TimberWolf:GreyWolf|WanderingHealer|Bird:Eagle|GreatHart:Hind|Bull:Cow|1727|2702|5|2|5|10|50|50|126|7|5|1|2|2|2
*|Boar:Cougar:Goat:Horse:Panther:Pig:Sheep|BlackBear:GrizzlyBear:BrownBear:TimberWolf:GreyWolf|WanderingHealer|Bird:Eagle|GreatHart:Hind|Bull:Cow|1634|2645|5|2|5|10|50|50|126|7|5|1|2|2|2
*|Boar:Cougar:Goat:Horse:Panther:Pig:Sheep|BlackBear:GrizzlyBear:BrownBear:TimberWolf:GreyWolf|WanderingHealer|Bird:Eagle|GreatHart:Hind|Bull:Cow|1505|2445|0|2|5|10|50|50|126|7|5|1|2|2|2
*|Boar:Cougar:Goat:Horse:Panther:Pig:Sheep|BlackBear:GrizzlyBear:BrownBear:TimberWolf:GreyWolf|WanderingHealer|Bird:Eagle|GreatHart:Hind|Bull:Cow|1699|2560|0|2|5|10|50|50|126|7|5|1|2|2|2
*|Boar:Cougar:Goat:Horse:Panther:Pig:Sheep|BlackBear:GrizzlyBear:BrownBear:TimberWolf:GreyWolf|WanderingHealer|Bird:Eagle|GreatHart:Hind|Bull:Cow|1612|2526|0|2|5|10|50|50|126|7|5|1|2|2|2
*|Boar:Cougar:Goat:Horse:Panther:Pig:Sheep|BlackBear:GrizzlyBear:BrownBear:TimberWolf:GreyWolf|WanderingHealer|Bird:Eagle|GreatHart:Hind|Bull:Cow|1722|2435|10|2|5|10|50|50|126|7|5|1|2|2|2
*|Boar:Cougar:Goat:Horse:Panther:Pig:Sheep|BlackBear:GrizzlyBear:BrownBear:TimberWolf:GreyWolf|WanderingHealer|Bird:Eagle|GreatHart:Hind|Bull:Cow|1715|2307|5|2|5|10|50|50|126|7|5|1|2|2|2
*|Boar:Cougar:Goat:Horse:Panther:Pig:Sheep|BlackBear:GrizzlyBear:BrownBear:TimberWolf:GreyWolf|WanderingHealer|Bird:Eagle|GreatHart:Hind|Bull:Cow|1531|2351|5|2|5|10|50|50|126|7|5|1|2|2|2
*|Boar:Cougar:Goat:Horse:Panther:Pig:Sheep|BlackBear:GrizzlyBear:BrownBear:TimberWolf:GreyWolf|WanderingHealer|Bird:Eagle|GreatHart:Hind|Bull:Cow|1602|2426|5|2|5|10|50|50|126|7|5|1|2|2|2
*|Boar:Cougar:Goat:Horse:Panther:Pig:Sheep|BlackBear:GrizzlyBear:BrownBear:TimberWolf:GreyWolf|WanderingHealer|Bird:Eagle|GreatHart:Hind|Bull:Cow|1628|2334|0|2|5|10|50|50|126|7|5|1|2|2|2
*|Boar:Cougar:Goat:Horse:Panther:Pig:Sheep|BlackBear:GrizzlyBear:BrownBear:TimberWolf:GreyWolf|WanderingHealer|Bird:Eagle|GreatHart:Hind|Bull:Cow|1563|2277|0|2|5|10|50|50|126|7|5|1|2|2|2
*|Boar:Cougar:Goat:Horse:Panther:Pig:Sheep|BlackBear:GrizzlyBear:BrownBear:TimberWolf:GreyWolf|WanderingHealer|Bird:Eagle|GreatHart:Hind|Bull:Cow|1503|2207|0|2|5|10|50|50|126|7|5|1|2|2|2
*|Boar:Cougar:Goat:Horse:Panther:Pig:Sheep|BlackBear:GrizzlyBear:BrownBear:TimberWolf:GreyWolf|WanderingHealer|Bird:Eagle|GreatHart:Hind|Bull:Cow|1709|1992|0|2|5|10|50|50|126|7|5|1|2|2|2
*|Boar:Cougar:Goat:Horse:Panther:Pig:Sheep|BlackBear:GrizzlyBear:BrownBear:TimberWolf:GreyWolf|WanderingHealer|Bird:Eagle|GreatHart:Hind|Bull:Cow|1498|2040|0|2|5|10|50|50|126|7|5|1|2|2|2
*|Boar:Cougar:Goat:Horse:Panther:Pig:Sheep|BlackBear:GrizzlyBear:BrownBear:TimberWolf:GreyWolf|WanderingHealer|Bird:Eagle|GreatHart:Hind|Bull:Cow|1439|2104|5|2|5|10|50|50|126|7|5|1|2|2|2
*|Boar:Cougar:Goat:Horse:Panther:Pig:Sheep|BlackBear:GrizzlyBear:BrownBear:TimberWolf:GreyWolf|WanderingHealer|Bird:Eagle|GreatHart:Hind|Bull:Cow|1387|2023|0|2|5|10|50|50|126|7|5|1|2|2|2
*|Boar:Cougar:Goat:Horse:Panther:Pig:Sheep|BlackBear:GrizzlyBear:BrownBear:TimberWolf:GreyWolf|WanderingHealer|Bird:Eagle|GreatHart:Hind|Bull:Cow|1377|1911|0|2|5|10|50|50|126|7|5|1|2|2|2
*|Boar:Cougar:Goat:Horse:Panther:Pig:Sheep|BlackBear:GrizzlyBear:BrownBear:TimberWolf:GreyWolf|WanderingHealer|Bird:Eagle|GreatHart:Hind|Bull:Cow|1459|1963|0|2|5|10|50|50|126|7|5|1|2|2|2
*|Boar:Cougar:Goat:Horse:Panther:Pig:Sheep|BlackBear:GrizzlyBear:BrownBear:TimberWolf:GreyWolf|WanderingHealer|Bird:Eagle|GreatHart:Hind|Bull:Cow|1268|2018|0|2|5|10|50|50|126|7|5|1|2|2|2
*|Boar:Cougar:Goat:Horse:Panther:Pig:Sheep|BlackBear:GrizzlyBear:BrownBear:TimberWolf:GreyWolf|WanderingHealer|Bird:Eagle|GreatHart:Hind|Bull:Cow|1173|2103|2|2|5|10|50|50|126|7|5|1|2|2|2
*|Boar:Cougar:Goat:Horse:Panther:Pig:Sheep|BlackBear:GrizzlyBear:BrownBear:TimberWolf:GreyWolf|WanderingHealer|Bird:Eagle|GreatHart:Hind|Bull:Cow|1070|2069|0|2|5|10|50|50|126|7|5|1|2|2|2
*|Boar:Cougar:Goat:Horse:Panther:Pig:Sheep|BlackBear:GrizzlyBear:BrownBear:TimberWolf:GreyWolf|WanderingHealer|Bird:Eagle|GreatHart:Hind|Bull:Cow|958|2074|1|2|5|10|50|50|126|7|5|1|2|2|2
*|Boar:Cougar:Goat:Horse:Panther:Pig:Sheep|BlackBear:GrizzlyBear:BrownBear:TimberWolf:GreyWolf|WanderingHealer|Bird:Eagle|GreatHart:Hind|Bull:Cow|999|1839|0|2|5|10|50|50|126|7|5|1|2|2|2
*|Boar:Cougar:Goat:Horse:Panther:Pig:Sheep|BlackBear:GrizzlyBear:BrownBear:TimberWolf:GreyWolf|WanderingHealer|Bird:Eagle|GreatHart:Hind|Bull:Cow|1011|1945|0|2|5|10|50|50|126|7|5|1|2|2|2
*|Boar:Cougar:Goat:Horse:Panther:Pig:Sheep|BlackBear:GrizzlyBear:BrownBear:TimberWolf:GreyWolf|WanderingHealer|Bird:Eagle|GreatHart:Hind|Bull:Cow|1229|1655|0|2|5|10|50|50|126|7|5|1|2|2|2
*|Boar:Cougar:Goat:Horse:Panther:Pig:Sheep|BlackBear:GrizzlyBear:BrownBear:TimberWolf:GreyWolf|WanderingHealer|Bird:Eagle|GreatHart:Hind|Bull:Cow|1725|1447|0|2|5|10|50|50|126|7|5|1|2|2|2
*|Boar:Cougar:Goat:Horse:Panther:Pig:Sheep|BlackBear:GrizzlyBear:BrownBear:TimberWolf:GreyWolf|WanderingHealer|Bird:Eagle|GreatHart:Hind|Bull:Cow|1798|1471|0|2|5|10|50|50|126|7|5|1|2|2|2
*|Boar:Cougar:Goat:Horse:Panther:Pig:Sheep|BlackBear:GrizzlyBear:BrownBear:TimberWolf:GreyWolf|WanderingHealer|Bird:Eagle|GreatHart:Hind|Bull:Cow|1958|1305|0|2|5|10|50|50|126|7|5|1|2|2|2
*|Boar:Cougar:Goat:Horse:Panther:Pig:Sheep|BlackBear:GrizzlyBear:BrownBear:TimberWolf:GreyWolf|WanderingHealer|Bird:Eagle|GreatHart:Hind|Bull:Cow|1867|1244|0|2|5|10|50|50|126|7|5|1|2|2|2
*|Boar:Cougar:Goat:Horse:Panther:Pig:Sheep|BlackBear:GrizzlyBear:BrownBear:TimberWolf:GreyWolf|WanderingHealer|Bird:Eagle|GreatHart:Hind|Bull:Cow|1865|1379|0|2|5|10|50|50|126|7|5|1|2|2|2
*|Boar:Cougar:Goat:Horse:Panther:Pig:Sheep|BlackBear:GrizzlyBear:BrownBear:TimberWolf:GreyWolf|WanderingHealer|Bird:Eagle|GreatHart:Hind|Bull:Cow|1769|1330|0|2|5|10|50|50|126|7|5|1|2|2|2
*|Boar:Cougar:Goat:Horse:Panther:Pig:Sheep|BlackBear:GrizzlyBear:BrownBear:TimberWolf:GreyWolf|WanderingHealer|Bird:Eagle|GreatHart:Hind|Bull:Cow|1666|1290|0|2|5|10|50|50|126|7|5|1|2|2|2
*|Boar:Cougar:Goat:Horse:Panther:Pig:Sheep|BlackBear:GrizzlyBear:BrownBear:TimberWolf:GreyWolf|WanderingHealer|Bird:Eagle|GreatHart:Hind|Bull:Cow|1486|1301|0|2|5|10|50|50|126|7|5|1|2|2|2
*|Boar:Cougar:Goat:Horse:Panther:Pig:Sheep|BlackBear:GrizzlyBear:BrownBear:TimberWolf:GreyWolf|WanderingHealer|Bird:Eagle|GreatHart:Hind|Bull:Cow|1351|1359|0|2|5|10|50|50|126|7|5|1|2|2|2
*|Boar:Cougar:Goat:Horse:Panther:Pig:Sheep|BlackBear:GrizzlyBear:BrownBear:TimberWolf:GreyWolf|WanderingHealer|Bird:Eagle|GreatHart:Hind|Bull:Cow|1231|1462|0|2|5|10|50|50|126|7|5|1|2|2|2
*|Boar:Cougar:Goat:Horse:Panther:Pig:Sheep|BlackBear:GrizzlyBear:BrownBear:TimberWolf:GreyWolf|WanderingHealer|Bird:Eagle|GreatHart:Hind|Bull:Cow|1017|1726|0|2|5|10|50|50|126|7|5|1|2|2|2
*|Boar:Cougar:Goat:Horse:Panther:Pig:Sheep|BlackBear:GrizzlyBear:BrownBear:TimberWolf:GreyWolf|WanderingHealer|Bird:Eagle|GreatHart:Hind|Bull:Cow|398|1305|0|2|5|10|50|50|126|7|5|1|2|2|2
*|Boar:Cougar:Goat:Horse:Panther:Pig:Sheep|BlackBear:GrizzlyBear:BrownBear:TimberWolf:GreyWolf|WanderingHealer|Bird:Eagle|GreatHart:Hind|Bull:Cow|485|1398|0|2|5|10|50|50|126|7|5|1|2|2|2
*|Boar:Cougar:Goat:Horse:Panther:Pig:Sheep|BlackBear:GrizzlyBear:BrownBear:TimberWolf:GreyWolf|WanderingHealer|Bird:Eagle|GreatHart:Hind|Bull:Cow|210|1447|0|2|5|10|50|50|126|7|5|1|2|2|2
*|Boar:Cougar:Goat:Horse:Panther:Pig:Sheep|BlackBear:GrizzlyBear:BrownBear:TimberWolf:GreyWolf|WanderingHealer|Bird:Eagle|GreatHart:Hind|Bull:Cow|851|1770|0|2|5|10|50|50|126|7|5|1|2|2|2
*|Boar:Cougar:Goat:Horse:Panther:Pig:Sheep|BlackBear:GrizzlyBear:BrownBear:TimberWolf:GreyWolf|WanderingHealer|Bird:Eagle|GreatHart:Hind|Bull:Cow|977|1638|0|2|5|10|50|50|126|7|5|1|2|2|2
*|Boar:Cougar:Goat:Horse:Panther:Pig:Sheep|BlackBear:GrizzlyBear:BrownBear:TimberWolf:GreyWolf|WanderingHealer|Bird:Eagle|GreatHart:Hind|Bull:Cow|919|1718|0|2|5|10|50|50|126|7|5|1|2|2|2
*|Boar:Cougar:Goat:Horse:Panther:Pig:Sheep|BlackBear:GrizzlyBear:BrownBear:TimberWolf:GreyWolf|WanderingHealer|Bird:Eagle|GreatHart:Hind|Bull:Cow|876|1639|0|2|5|10|50|50|126|7|5|1|2|2|2
*|Boar:Cougar:Goat:Horse:Panther:Pig:Sheep|BlackBear:GrizzlyBear:BrownBear:TimberWolf:GreyWolf|WanderingHealer|Bird:Eagle|GreatHart:Hind|Bull:Cow|805|1570|0|2|5|10|50|50|126|7|5|1|2|2|2
*|Boar:Cougar:Goat:Horse:Panther:Pig:Sheep|BlackBear:GrizzlyBear:BrownBear:TimberWolf:GreyWolf|WanderingHealer|Bird:Eagle|GreatHart:Hind|Bull:Cow|725|1483|0|2|5|10|50|50|126|7|5|1|2|2|2
*|Boar:Cougar:Goat:Horse:Panther:Pig:Sheep|BlackBear:GrizzlyBear:BrownBear:TimberWolf:GreyWolf|WanderingHealer|Bird:Eagle|GreatHart:Hind|Bull:Cow|623|1328|0|2|5|10|50|50|126|7|5|1|2|2|2
*|Boar:Cougar:Goat:Horse:Panther:Pig:Sheep|BlackBear:GrizzlyBear:BrownBear:TimberWolf:GreyWolf|WanderingHealer|Bird:Eagle|GreatHart:Hind|Bull:Cow|727|1394|0|2|5|10|50|50|126|7|5|1|2|2|2
*|Boar:Cougar:Goat:Horse:Panther:Pig:Sheep|BlackBear:GrizzlyBear:BrownBear:TimberWolf:GreyWolf|WanderingHealer|Bird:Eagle|GreatHart:Hind|Bull:Cow|1020|1360|0|2|5|10|50|50|126|7|5|1|2|2|2
*|Boar:Cougar:Goat:Horse:Panther:Pig:Sheep|BlackBear:GrizzlyBear:BrownBear:TimberWolf:GreyWolf|WanderingHealer|Bird:Eagle|GreatHart:Hind|Bull:Cow|1024|1244|0|2|5|10|50|50|126|7|5|1|2|2|2
*|Boar:Cougar:Goat:Horse:Panther:Pig:Sheep|BlackBear:GrizzlyBear:BrownBear:TimberWolf:GreyWolf|WanderingHealer|Bird:Eagle|GreatHart:Hind|Bull:Cow|802|1280|0|2|5|10|50|50|126|7|5|1|2|2|2
*|Boar:Cougar:Goat:Horse:Panther:Pig:Sheep|BlackBear:GrizzlyBear:BrownBear:TimberWolf:GreyWolf|WanderingHealer|Bird:Eagle|GreatHart:Hind|Bull:Cow|855|934|0|2|5|10|50|50|126|7|5|1|2|2|2
*|Boar:Cougar:Goat:Horse:Panther:Pig:Sheep|BlackBear:GrizzlyBear:BrownBear:TimberWolf:GreyWolf|WanderingHealer|Bird:Eagle|GreatHart:Hind|Bull:Cow|771|1013|0|2|5|10|50|50|126|7|5|1|2|2|2
*|Boar:Cougar:Goat:Horse:Panther:Pig:Sheep|BlackBear:GrizzlyBear:BrownBear:TimberWolf:GreyWolf|WanderingHealer|Bird:Eagle|GreatHart:Hind|Bull:Cow|846|1071|0|2|5|10|50|50|126|7|5|1|2|2|2
*|Boar:Cougar:Goat:Horse:Panther:Pig:Sheep|BlackBear:GrizzlyBear:BrownBear:TimberWolf:GreyWolf|WanderingHealer|Bird:Eagle|GreatHart:Hind|Bull:Cow|940|1028|0|2|5|10|50|50|126|7|5|1|2|2|2
*|Boar:Cougar:Goat:Horse:Panther:Pig:Sheep|BlackBear:GrizzlyBear:BrownBear:TimberWolf:GreyWolf|WanderingHealer|Bird:Eagle|GreatHart:Hind|Bull:Cow|1152|812|5|2|5|10|50|50|126|7|5|1|2|2|2
*|Boar:Cougar:Goat:Horse:Panther:Pig:Sheep|BlackBear:GrizzlyBear:BrownBear:TimberWolf:GreyWolf|WanderingHealer|Bird:Eagle|GreatHart:Hind|Bull:Cow|1011|896|0|2|5|10|50|50|126|7|5|1|2|2|2
*|Boar:Cougar:Goat:Horse:Panther:Pig:Sheep|BlackBear:GrizzlyBear:BrownBear:TimberWolf:GreyWolf|WanderingHealer|Bird:Eagle|GreatHart:Hind|Bull:Cow|1057|765|1|2|5|10|50|50|126|7|5|1|2|2|2
*|Boar:Cougar:Goat:Horse:Panther:Pig:Sheep|BlackBear:GrizzlyBear:BrownBear:TimberWolf:GreyWolf|WanderingHealer|Bird:Eagle|GreatHart:Hind|Bull:Cow|974|374|0|2|5|10|50|50|126|7|5|1|2|2|2
*|Boar:Cougar:Goat:Horse:Panther:Pig:Sheep|BlackBear:GrizzlyBear:BrownBear:TimberWolf:GreyWolf|WanderingHealer|Bird:Eagle|GreatHart:Hind|Bull:Cow|1063|541|16|2|5|10|50|50|126|7|5|1|2|2|2
*|Boar:Cougar:Goat:Horse:Panther:Pig:Sheep|BlackBear:GrizzlyBear:BrownBear:TimberWolf:GreyWolf|WanderingHealer|Bird:Eagle|GreatHart:Hind|Bull:Cow|1018|629|0|2|5|10|50|50|126|7|5|1|2|2|2
*|Boar:Cougar:Goat:Horse:Panther:Pig:Sheep|BlackBear:GrizzlyBear:BrownBear:TimberWolf:GreyWolf|WanderingHealer|Bird:Eagle|GreatHart:Hind|Bull:Cow|951|542|0|2|5|10|50|50|126|7|5|1|2|2|2
*|Boar:Cougar:Goat:Horse:Panther:Pig:Sheep|BlackBear:GrizzlyBear:BrownBear:TimberWolf:GreyWolf|WanderingHealer|Bird:Eagle|GreatHart:Hind|Bull:Cow|805|576|0|2|5|10|50|50|126|7|5|1|2|2|2
*|Boar:Cougar:Goat:Horse:Panther:Pig:Sheep|BlackBear:GrizzlyBear:BrownBear:TimberWolf:GreyWolf|WanderingHealer|Bird:Eagle|GreatHart:Hind|Bull:Cow|937|743|0|2|5|10|50|50|126|7|5|1|2|2|2
*|Boar:Cougar:Goat:Horse:Panther:Pig:Sheep|BlackBear:GrizzlyBear:BrownBear:TimberWolf:GreyWolf|WanderingHealer|Bird:Eagle|GreatHart:Hind|Bull:Cow|890|657|0|2|5|10|50|50|126|7|5|1|2|2|2
*|Boar:Cougar:Goat:Horse:Panther:Pig:Sheep|BlackBear:GrizzlyBear:BrownBear:TimberWolf:GreyWolf|WanderingHealer|Bird:Eagle|GreatHart:Hind|Bull:Cow|895|830|0|2|5|10|50|50|126|7|5|1|2|2|2
*|Boar:Cougar:Goat:Horse:Panther:Pig:Sheep|BlackBear:GrizzlyBear:BrownBear:TimberWolf:GreyWolf|WanderingHealer|Bird:Eagle|GreatHart:Hind|Bull:Cow|689|753|0|2|5|10|50|50|126|7|5|1|2|2|2
*|Boar:Cougar:Goat:Horse:Panther:Pig:Sheep|BlackBear:GrizzlyBear:BrownBear:TimberWolf:GreyWolf|WanderingHealer|Bird:Eagle|GreatHart:Hind|Bull:Cow|748|669|0|2|5|10|50|50|126|7|5|1|2|2|2
*|Boar:Cougar:Goat:Horse:Panther:Pig:Sheep|BlackBear:GrizzlyBear:BrownBear:TimberWolf:GreyWolf|WanderingHealer|Bird:Eagle|GreatHart:Hind|Bull:Cow|764|822|0|2|5|10|50|50|126|7|5|1|2|2|2
*|Boar:Cougar:Goat:Horse:Panther:Pig:Sheep|BlackBear:GrizzlyBear:BrownBear:TimberWolf:GreyWolf|WanderingHealer|Bird:Eagle|GreatHart:Hind|Bull:Cow|834|751|0|2|5|10|50|50|126|7|5|1|2|2|2
*|Boar:Cougar:Goat:Horse:Panther:Pig:Sheep|BlackBear:GrizzlyBear:BrownBear:TimberWolf:GreyWolf|WanderingHealer|Bird:Eagle|GreatHart:Hind|Bull:Cow|782|1156|0|2|5|10|50|50|126|7|5|1|2|2|2
*|Boar:Cougar:Goat:Horse:Panther:Pig:Sheep|BlackBear:GrizzlyBear:BrownBear:TimberWolf:GreyWolf|WanderingHealer|Bird:Eagle|GreatHart:Hind|Bull:Cow|887|1223|0|2|5|10|50|50|126|7|5|1|2|2|2
*|Boar:Cougar:Goat:Horse:Panther:Pig:Sheep|BlackBear:GrizzlyBear:BrownBear:TimberWolf:GreyWolf|WanderingHealer|Bird:Eagle|GreatHart:Hind|Bull:Cow|916|1159|0|2|5|10|50|50|126|7|5|1|2|2|2
*|Boar:Cougar:Goat:Horse:Panther:Pig:Sheep|BlackBear:GrizzlyBear:BrownBear:TimberWolf:GreyWolf|WanderingHealer|Bird:Eagle|GreatHart:Hind|Bull:Cow|993|1130|0|2|5|10|50|50|126|7|5|1|2|2|2
*|Boar:Cougar:Goat:Horse:Panther:Pig:Sheep|BlackBear:GrizzlyBear:BrownBear:TimberWolf:GreyWolf|WanderingHealer|Bird:Eagle|GreatHart:Hind|Bull:Cow|1047|1071|0|2|5|10|50|50|126|7|5|1|2|2|2
*|Boar:Cougar:Goat:Horse:Panther:Pig:Sheep|BlackBear:GrizzlyBear:BrownBear:TimberWolf:GreyWolf|WanderingHealer|Bird:Eagle|GreatHart:Hind|Bull:Cow|1092|1010|0|2|5|10|50|50|126|7|5|1|2|2|2
*|Boar:Cougar:Goat:Horse:Panther:Pig:Sheep|BlackBear:GrizzlyBear:BrownBear:TimberWolf:GreyWolf|WanderingHealer|Bird:Eagle|GreatHart:Hind|Bull:Cow|1172|974|2|2|5|10|50|50|126|7|5|1|2|2|2
*|Boar:Cougar:Goat:Horse:Panther:Pig:Sheep|BlackBear:GrizzlyBear:BrownBear:TimberWolf:GreyWolf|WanderingHealer|Bird:Eagle|GreatHart:Hind|Bull:Cow|1388|784|0|2|5|10|50|50|126|7|5|1|2|2|2
*|Boar:Cougar:Goat:Horse:Panther:Pig:Sheep|BlackBear:GrizzlyBear:BrownBear:TimberWolf:GreyWolf|WanderingHealer|Bird:Eagle|GreatHart:Hind|Bull:Cow|1631|640|22|2|5|10|50|50|126|7|5|1|2|2|2
*|Boar:Cougar:Goat:Horse:Panther:Pig:Sheep|BlackBear:GrizzlyBear:BrownBear:TimberWolf:GreyWolf|WanderingHealer|Bird:Eagle|GreatHart:Hind|Bull:Cow|1526|960|0|2|5|10|50|50|126|7|5|1|2|2|2
*|Boar:Cougar:Goat:Horse:Panther:Pig:Sheep|BlackBear:GrizzlyBear:BrownBear:TimberWolf:GreyWolf|WanderingHealer|Bird:Eagle|GreatHart:Hind|Bull:Cow|1545|813|0|2|5|10|50|50|126|7|5|1|2|2|2
*|Boar:Cougar:Goat:Horse:Panther:Pig:Sheep|BlackBear:GrizzlyBear:BrownBear:TimberWolf:GreyWolf|WanderingHealer|Bird:Eagle|GreatHart:Hind|Bull:Cow|1695|809|0|2|5|10|50|50|126|7|5|1|2|2|2
*|Boar:Cougar:Goat:Horse:Panther:Pig:Sheep|BlackBear:GrizzlyBear:BrownBear:TimberWolf:GreyWolf|WanderingHealer|Bird:Eagle|GreatHart:Hind|Bull:Cow|1728|691|6|2|5|10|50|50|126|7|5|1|2|2|2
*|Boar:Cougar:Goat:Horse:Panther:Pig:Sheep|BlackBear:GrizzlyBear:BrownBear:TimberWolf:GreyWolf|WanderingHealer|Bird:Eagle|GreatHart:Hind|Bull:Cow|1802|495|0|2|5|10|50|50|126|7|5|1|2|2|2
*|Boar:Cougar:Goat:Horse:Panther:Pig:Sheep|BlackBear:GrizzlyBear:BrownBear:TimberWolf:GreyWolf|WanderingHealer|Bird:Eagle|GreatHart:Hind|Bull:Cow|1857|600|0|2|5|10|50|50|126|7|5|1|2|2|2
*|Boar:Cougar:Goat:Horse:Panther:Pig:Sheep|BlackBear:GrizzlyBear:BrownBear:TimberWolf:GreyWolf|WanderingHealer|Bird:Eagle|GreatHart:Hind|Bull:Cow|1884|735|0|2|5|10|50|50|126|7|5|1|2|2|2
*|Boar:Cougar:Goat:Horse:Panther:Pig:Sheep|BlackBear:GrizzlyBear:BrownBear:TimberWolf:GreyWolf|WanderingHealer|Bird:Eagle|GreatHart:Hind|Bull:Cow|1973|751|0|2|5|10|50|50|126|7|5|1|2|2|2
*|Boar:Cougar:Goat:Horse:Panther:Pig:Sheep|BlackBear:GrizzlyBear:BrownBear:TimberWolf:GreyWolf|WanderingHealer|Bird:Eagle|GreatHart:Hind|Bull:Cow|2085|658|0|2|5|10|50|50|126|7|5|1|2|2|2
*|Boar:Cougar:Goat:Horse:Panther:Pig:Sheep|BlackBear:GrizzlyBear:BrownBear:TimberWolf:GreyWolf|WanderingHealer|Bird:Eagle|GreatHart:Hind|Bull:Cow|2367|748|0|2|5|10|50|50|126|7|5|1|2|2|2
*|Boar:Cougar:Goat:Horse:Panther:Pig:Sheep|BlackBear:GrizzlyBear:BrownBear:TimberWolf:GreyWolf|WanderingHealer|Bird:Eagle|GreatHart:Hind|Bull:Cow|2289|917|0|2|5|10|50|50|126|7|5|1|2|2|2
*|Boar:Cougar:Goat:Horse:Panther:Pig:Sheep|BlackBear:GrizzlyBear:BrownBear:TimberWolf:GreyWolf|WanderingHealer|Bird:Eagle|GreatHart:Hind|Bull:Cow|2338|989|0|2|5|10|50|50|126|7|5|1|2|2|2
*|Boar:Cougar:Goat:Horse:Panther:Pig:Sheep|BlackBear:GrizzlyBear:BrownBear:TimberWolf:GreyWolf|WanderingHealer|Bird:Eagle|GreatHart:Hind|Bull:Cow|2418|999|0|2|5|10|50|50|126|7|5|1|2|2|2
*|Boar:Cougar:Goat:Horse:Panther:Pig:Sheep|BlackBear:GrizzlyBear:BrownBear:TimberWolf:GreyWolf|WanderingHealer|Bird:Eagle|GreatHart:Hind|Bull:Cow|2495|978|0|2|5|10|50|50|126|7|5|1|2|2|2
*|Boar:Cougar:Goat:Horse:Panther:Pig:Sheep|BlackBear:GrizzlyBear:BrownBear:TimberWolf:GreyWolf|WanderingHealer|Bird:Eagle|GreatHart:Hind|Bull:Cow|2583|993|0|2|5|10|50|50|126|7|5|1|2|2|2
*|Boar:Cougar:Goat:Horse:Panther:Pig:Sheep|BlackBear:GrizzlyBear:BrownBear:TimberWolf:GreyWolf|WanderingHealer|Bird:Eagle|GreatHart:Hind|Bull:Cow|2513|782|0|2|5|10|50|50|126|7|5|1|2|2|2
*|Boar:Cougar:Goat:Horse:Panther:Pig:Sheep|BlackBear:GrizzlyBear:BrownBear:TimberWolf:GreyWolf|WanderingHealer|Bird:Eagle|GreatHart:Hind|Bull:Cow|2748|660|0|2|5|10|50|50|126|7|5|1|2|2|2
*|Boar:Cougar:Goat:Horse:Panther:Pig:Sheep|BlackBear:GrizzlyBear:BrownBear:TimberWolf:GreyWolf|WanderingHealer|Bird:Eagle|GreatHart:Hind|Bull:Cow|2765|754|0|2|5|10|50|50|126|7|5|1|2|2|2
*|Boar:Cougar:Goat:Horse:Panther:Pig:Sheep|BlackBear:GrizzlyBear:BrownBear:TimberWolf:GreyWolf|WanderingHealer|Bird:Eagle|GreatHart:Hind|Bull:Cow|2668|1020|0|2|5|10|50|50|126|7|5|1|2|2|2
*|Boar:Cougar:Goat:Horse:Panther:Pig:Sheep|BlackBear:GrizzlyBear:BrownBear:TimberWolf:GreyWolf|WanderingHealer|Bird:Eagle|GreatHart:Hind|Bull:Cow|2669|922|0|2|5|10|50|50|126|7|5|1|2|2|2
*|Boar:Cougar:Goat:Horse:Panther:Pig:Sheep|BlackBear:GrizzlyBear:BrownBear:TimberWolf:GreyWolf|WanderingHealer|Bird:Eagle|GreatHart:Hind|Bull:Cow|2672|814|0|2|5|10|50|50|126|7|5|1|2|2|2
*|Boar:Cougar:Goat:Horse:Panther:Pig:Sheep|BlackBear:GrizzlyBear:BrownBear:TimberWolf:GreyWolf|WanderingHealer|Bird:Eagle|GreatHart:Hind|Bull:Cow|2643|728|0|2|5|10|50|50|126|7|5|1|2|2|2
*|Boar:Cougar:Goat:Horse:Panther:Pig:Sheep|BlackBear:GrizzlyBear:BrownBear:TimberWolf:GreyWolf|WanderingHealer|Bird:Eagle|GreatHart:Hind|Bull:Cow|2888|391|0|2|5|10|50|50|126|7|5|1|2|2|2
*|Boar:Cougar:Goat:Horse:Panther:Pig:Sheep|BlackBear:GrizzlyBear:BrownBear:TimberWolf:GreyWolf|WanderingHealer|Bird:Eagle|GreatHart:Hind|Bull:Cow|2735|417|15|2|5|10|50|50|126|7|5|1|2|2|2
*|Boar:Cougar:Goat:Horse:Panther:Pig:Sheep|BlackBear:GrizzlyBear:BrownBear:TimberWolf:GreyWolf|WanderingHealer|Bird:Eagle|GreatHart:Hind|Bull:Cow|2914|547|0|2|5|10|50|50|126|7|5|1|2|2|2
*|Boar:Cougar:Goat:Horse:Panther:Pig:Sheep|BlackBear:GrizzlyBear:BrownBear:TimberWolf:GreyWolf|WanderingHealer|Bird:Eagle|GreatHart:Hind|Bull:Cow|2814|492|15|2|5|10|50|50|126|7|5|1|2|2|2
*|Boar:Cougar:Goat:Horse:Panther:Pig:Sheep|BlackBear:GrizzlyBear:BrownBear:TimberWolf:GreyWolf|WanderingHealer|Bird:Eagle|GreatHart:Hind|Bull:Cow|2688|524|11|2|5|10|50|50|126|7|5|1|2|2|2
##
## Haven Island (see Outdoors.map)
##
##
## Huntsman's Forrest
##
*|TimberWolf||||||1651|612|22|2|5|10|20|20|1|3|0|0|0|0|0